[     118ms] [LOG] [Fast Refresh] rebuilding @ http://localhost:3000/_next/static/chunks/node_modules_next_dist_1ybzpk2._.js:2477
[     122ms] [LOG] [Fast Refresh] done in 104ms @ http://localhost:3000/_next/static/chunks/node_modules_next_dist_1ybzpk2._.js:2477
[     451ms] [INFO] %cDownload the React DevTools for a better development experience: https://react.dev/link/react-devtools font-weight:bold @ http://localhost:3000/_next/static/chunks/node_modules_next_dist_1ybzpk2._.js:2477
[     471ms] [LOG] [HMR] connected @ http://localhost:3000/_next/static/chunks/node_modules_next_dist_1ybzpk2._.js:2477
[     665ms] [WARNING] Image with src "http://localhost:3000/icons/flag_vn.svg" has either width or height modified, but not the other. If you use CSS to change the size of your image, also include the styles 'width: "auto"' or 'height: "auto"' to maintain the aspect ratio. @ http://localhost:3000/_next/static/chunks/node_modules_next_dist_1ybzpk2._.js:2477
[   25886ms] [LOG] [Fast Refresh] rebuilding @ http://localhost:3000/_next/static/chunks/node_modules_next_dist_1ybzpk2._.js:2477
[   25897ms] [LOG] [Fast Refresh] done in 112ms @ http://localhost:3000/_next/static/chunks/node_modules_next_dist_1ybzpk2._.js:2477
[   90824ms] [LOG] [Fast Refresh] rebuilding @ http://localhost:3000/_next/static/chunks/node_modules_next_dist_1ybzpk2._.js:2477
[   90832ms] [LOG] [Fast Refresh] done in 108ms @ http://localhost:3000/_next/static/chunks/node_modules_next_dist_1ybzpk2._.js:2477
[   91370ms] [LOG] [Fast Refresh] rebuilding @ http://localhost:3000/_next/static/chunks/node_modules_next_dist_1ybzpk2._.js:2477
[   91375ms] [LOG] [Fast Refresh] done in 104ms @ http://localhost:3000/_next/static/chunks/node_modules_next_dist_1ybzpk2._.js:2477
[  215616ms] [LOG] [Fast Refresh] rebuilding @ http://localhost:3000/_next/static/chunks/node_modules_next_dist_1ybzpk2._.js:2477
[  215886ms] [LOG] [Fast Refresh] done in 369ms @ http://localhost:3000/_next/static/chunks/node_modules_next_dist_1ybzpk2._.js:2477
[  371353ms] [LOG] [Fast Refresh] rebuilding @ http://localhost:3000/_next/static/chunks/node_modules_next_dist_1ybzpk2._.js:2477
[  371382ms] [LOG] [Fast Refresh] done in 130ms @ http://localhost:3000/_next/static/chunks/node_modules_next_dist_1ybzpk2._.js:2477
[  459973ms] [LOG] [Fast Refresh] rebuilding @ http://localhost:3000/_next/static/chunks/node_modules_next_dist_1ybzpk2._.js:2477
[  459979ms] [LOG] [Fast Refresh] done in 107ms @ http://localhost:3000/_next/static/chunks/node_modules_next_dist_1ybzpk2._.js:2477
[  465490ms] [LOG] [Fast Refresh] rebuilding @ http://localhost:3000/_next/static/chunks/node_modules_next_dist_1ybzpk2._.js:2477
[  465558ms] [LOG] [Fast Refresh] done in 168ms @ http://localhost:3000/_next/static/chunks/node_modules_next_dist_1ybzpk2._.js:2477
[  490307ms] [LOG] [Fast Refresh] rebuilding @ http://localhost:3000/_next/static/chunks/node_modules_next_dist_1ybzpk2._.js:2477
[  490567ms] [ERROR] ./components/kudos-board/highlight-kudo-card.tsx:7:1
Module not found: Can't resolve './hero-badge'
   5 | import { IconUp } from "@/components/common/icons";
   6 | import { IconHeart, IconLink, IconSend } from "./highlight-icons";
>  7 | import HeroBadge from "./hero-badge";
     | ^^^^^^^^^^^^^^^^^^^^^^^^^^^^^^^^^^^^^
   8 | import type { HighlightKudo, HighlightPerson } from "./highlight-mock-data";
   9 |
  10 | export interface HighlightKudoCardProps {

Import traces:
  Client Component Browser:
    ./components/kudos-board/highlight-kudo-card.tsx [Client Component Browser]
    ./components/kudos-board/highlight-section.tsx [Client Component Browser]
    ./components/kudos-board/highlight-section.tsx [Server Component]
    ./app/sun-kudos/page.tsx [Server Component]

  Client Component SSR:
    ./components/kudos-board/highlight-kudo-card.tsx [Client Component SSR]
    ./components/kudos-board/highlight-section.tsx [Client Component SSR]
    ./components/kudos-board/highlight-section.tsx [Server Component]
    ./app/sun-kudos/page.tsx [Server Component]

https://nextjs.org/docs/messages/module-not-found @ http://localhost:3000/_next/static/chunks/node_modules_next_dist_1ybzpk2._.js:3318
[  490567ms] [ERROR] ./components/kudos-board/feed-kudo-post-card.tsx:7:1
Module not found: Can't resolve '@/components/kudos-board/hero-badge'
   5 | import { useTranslation } from "react-i18next";
   6 | import type { KudoPost } from "@/components/kudos-board/feed-mock-data";
>  7 | import HeroBadge from "@/components/kudos-board/hero-badge";
     | ^^^^^^^^^^^^^^^^^^^^^^^^^^^^^^^^^^^^^^^^^^^^^^^^^^^^^^^^^^^^
   8 | import FeedImageLightbox from "@/components/kudos-board/feed-image-lightbox";
   9 | import { IconSend, IconHeart, IconPen, IconLink } from "@/components/kudos-board/feed-icons";
  10 |

Import map: aliased to relative './components/kudos-board/hero-badge' inside of [project]/

Import traces:
  Client Component Browser:
    ./components/kudos-board/feed-kudo-post-card.tsx [Client Component Browser]
    ./components/kudos-board/feed-list.tsx [Client Component Browser]
    ./components/kudos-board/all-kudos-section.tsx [Client Component Browser]
    ./components/kudos-board/all-kudos-section.tsx [Server Component]
    ./app/sun-kudos/page.tsx [Server Component]

  Client Component SSR:
    ./components/kudos-board/feed-kudo-post-card.tsx [Client Component SSR]
    ./components/kudos-board/feed-list.tsx [Client Component SSR]
    ./components/kudos-board/all-kudos-section.tsx [Client Component SSR]
    ./components/kudos-board/all-kudos-section.tsx [Server Component]
    ./app/sun-kudos/page.tsx [Server Component]

https://nextjs.org/docs/messages/module-not-found @ http://localhost:3000/_next/static/chunks/node_modules_next_dist_1ybzpk2._.js:3318
[  490622ms] [ERROR] Failed to load resource: the server responded with a status of 500 (Internal Server Error) @ http://localhost:3000/sun-kudos?_rsc=B7qYyKMzOFmD4DEu:0
[  490640ms] [ERROR] ./components/kudos-board/highlight-kudo-card.tsx:7:1
Module not found: Can't resolve './hero-badge'
   5 | import { IconUp } from "@/components/common/icons";
   6 | import { IconHeart, IconLink, IconSend } from "./highlight-icons";
>  7 | import HeroBadge from "./hero-badge";
     | ^^^^^^^^^^^^^^^^^^^^^^^^^^^^^^^^^^^^^
   8 | import type { HighlightKudo, HighlightPerson } from "./highlight-mock-data";
   9 |
  10 | export interface HighlightKudoCardProps {

Import traces:
  Client Component Browser:
    ./components/kudos-board/highlight-kudo-card.tsx [Client Component Browser]
    ./components/kudos-board/highlight-section.tsx [Client Component Browser]
    ./components/kudos-board/highlight-section.tsx [Server Component]
    ./app/sun-kudos/page.tsx [Server Component]

  Client Component SSR:
    ./components/kudos-board/highlight-kudo-card.tsx [Client Component SSR]
    ./components/kudos-board/highlight-section.tsx [Client Component SSR]
    ./components/kudos-board/highlight-section.tsx [Server Component]
    ./app/sun-kudos/page.tsx [Server Component]

https://nextjs.org/docs/messages/module-not-found @ http://localhost:3000/_next/static/chunks/node_modules_next_dist_1ybzpk2._.js:3318
[  490641ms] [ERROR] ./components/kudos-board/feed-kudo-post-card.tsx:7:1
Module not found: Can't resolve '@/components/kudos-board/hero-badge'
   5 | import { useTranslation } from "react-i18next";
   6 | import type { KudoPost } from "@/components/kudos-board/feed-mock-data";
>  7 | import HeroBadge from "@/components/kudos-board/hero-badge";
     | ^^^^^^^^^^^^^^^^^^^^^^^^^^^^^^^^^^^^^^^^^^^^^^^^^^^^^^^^^^^^
   8 | import FeedImageLightbox from "@/components/kudos-board/feed-image-lightbox";
   9 | import { IconSend, IconHeart, IconPen, IconLink } from "@/components/kudos-board/feed-icons";
  10 |

Import map: aliased to relative './components/kudos-board/hero-badge' inside of [project]/

Import traces:
  Client Component Browser:
    ./components/kudos-board/feed-kudo-post-card.tsx [Client Component Browser]
    ./components/kudos-board/feed-list.tsx [Client Component Browser]
    ./components/kudos-board/all-kudos-section.tsx [Client Component Browser]
    ./components/kudos-board/all-kudos-section.tsx [Server Component]
    ./app/sun-kudos/page.tsx [Server Component]

  Client Component SSR:
    ./components/kudos-board/feed-kudo-post-card.tsx [Client Component SSR]
    ./components/kudos-board/feed-list.tsx [Client Component SSR]
    ./components/kudos-board/all-kudos-section.tsx [Client Component SSR]
    ./components/kudos-board/all-kudos-section.tsx [Server Component]
    ./app/sun-kudos/page.tsx [Server Component]

https://nextjs.org/docs/messages/module-not-found @ http://localhost:3000/_next/static/chunks/node_modules_next_dist_1ybzpk2._.js:3318
[  490664ms] [ERROR] ./components/kudos-board/highlight-kudo-card.tsx:7:1
Module not found: Can't resolve './hero-badge'
   5 | import { IconUp } from "@/components/common/icons";
   6 | import { IconHeart, IconLink, IconSend } from "./highlight-icons";
>  7 | import HeroBadge from "./hero-badge";
     | ^^^^^^^^^^^^^^^^^^^^^^^^^^^^^^^^^^^^^
   8 | import type { HighlightKudo, HighlightPerson } from "./highlight-mock-data";
   9 |
  10 | export interface HighlightKudoCardProps {

Import traces:
  Client Component Browser:
    ./components/kudos-board/highlight-kudo-card.tsx [Client Component Browser]
    ./components/kudos-board/highlight-section.tsx [Client Component Browser]
    ./components/kudos-board/highlight-section.tsx [Server Component]
    ./app/sun-kudos/page.tsx [Server Component]

  Client Component SSR:
    ./components/kudos-board/highlight-kudo-card.tsx [Client Component SSR]
    ./components/kudos-board/highlight-section.tsx [Client Component SSR]
    ./components/kudos-board/highlight-section.tsx [Server Component]
    ./app/sun-kudos/page.tsx [Server Component]

https://nextjs.org/docs/messages/module-not-found @ http://localhost:3000/_next/static/chunks/node_modules_next_dist_1ybzpk2._.js:3318
[  490664ms] [ERROR] ./components/kudos-board/feed-kudo-post-card.tsx:7:1
Module not found: Can't resolve '@/components/kudos-board/hero-badge'
   5 | import { useTranslation } from "react-i18next";
   6 | import type { KudoPost } from "@/components/kudos-board/feed-mock-data";
>  7 | import HeroBadge from "@/components/kudos-board/hero-badge";
     | ^^^^^^^^^^^^^^^^^^^^^^^^^^^^^^^^^^^^^^^^^^^^^^^^^^^^^^^^^^^^
   8 | import FeedImageLightbox from "@/components/kudos-board/feed-image-lightbox";
   9 | import { IconSend, IconHeart, IconPen, IconLink } from "@/components/kudos-board/feed-icons";
  10 |

Import map: aliased to relative './components/kudos-board/hero-badge' inside of [project]/

Import traces:
  Client Component Browser:
    ./components/kudos-board/feed-kudo-post-card.tsx [Client Component Browser]
    ./components/kudos-board/feed-list.tsx [Client Component Browser]
    ./components/kudos-board/all-kudos-section.tsx [Client Component Browser]
    ./components/kudos-board/all-kudos-section.tsx [Server Component]
    ./app/sun-kudos/page.tsx [Server Component]

  Client Component SSR:
    ./components/kudos-board/feed-kudo-post-card.tsx [Client Component SSR]
    ./components/kudos-board/feed-list.tsx [Client Component SSR]
    ./components/kudos-board/all-kudos-section.tsx [Client Component SSR]
    ./components/kudos-board/all-kudos-section.tsx [Server Component]
    ./app/sun-kudos/page.tsx [Server Component]

https://nextjs.org/docs/messages/module-not-found @ http://localhost:3000/_next/static/chunks/node_modules_next_dist_1ybzpk2._.js:3318
[  490704ms] [ERROR] Failed to load resource: the server responded with a status of 500 (Internal Server Error) @ http://localhost:3000/sun-kudos?_rsc=B7qYyKMzOFmD4DEu:0
[  490742ms] [ERROR] Failed to load resource: the server responded with a status of 500 (Internal Server Error) @ http://localhost:3000/sun-kudos:0
[  490789ms] [INFO] %cDownload the React DevTools for a better development experience: https://react.dev/link/react-devtools font-weight:bold @ http://localhost:3000/_next/static/chunks/node_modules_react-dom_0kla17-._.js:15305
[  490808ms] Error: ./components/kudos-board/highlight-kudo-card.tsx:7:1
Module not found: Can't resolve './hero-badge'
   5 | import { IconUp } from "@/components/common/icons";
   6 | import { IconHeart, IconLink, IconSend } from "./highlight-icons";
>  7 | import HeroBadge from "./hero-badge";
     | ^^^^^^^^^^^^^^^^^^^^^^^^^^^^^^^^^^^^^
   8 | import type { HighlightKudo, HighlightPerson } from "./highlight-mock-data";
   9 |
  10 | export interface HighlightKudoCardProps {



Import traces:
  Client Component Browser:
    ./components/kudos-board/highlight-kudo-card.tsx [Client Component Browser]
    ./components/kudos-board/highlight-section.tsx [Client Component Browser]
    ./components/kudos-board/highlight-section.tsx [Server Component]
    ./app/sun-kudos/page.tsx [Server Component]

  Client Component SSR:
    ./components/kudos-board/highlight-kudo-card.tsx [Client Component SSR]
    ./components/kudos-board/highlight-section.tsx [Client Component SSR]
    ./components/kudos-board/highlight-section.tsx [Server Component]
    ./app/sun-kudos/page.tsx [Server Component]

https://nextjs.org/docs/messages/module-not-found


    at <unknown> (Error: ./components/kudos-board/highlight-kudo-card.tsx:7:1)
    at <unknown> (https://nextjs.org/docs/messages/module-not-found)
    at Object.getCompilationErrors (file:///home/doan.thi.ngoc.anh@sun-asterisk.com/Documents/aidd-app/node_modules/next/dist/server/dev/hot-reloader-turbopack.js:1186:59)
    at DevBundlerService.getCompilationError (file:///home/doan.thi.ngoc.anh@sun-asterisk.com/Documents/aidd-app/node_modules/next/dist/server/lib/dev-bundler-service.js:44:55)
    at DevServer.getCompilationError (file:///home/doan.thi.ngoc.anh@sun-asterisk.com/Documents/aidd-app/node_modules/next/dist/server/dev/next-dev-server.js:720:42)
    at DevServer.findPageComponents (file:///home/doan.thi.ngoc.anh@sun-asterisk.com/Documents/aidd-app/node_modules/next/dist/server/dev/next-dev-server.js:690:43)
    at async DevServer.renderErrorToResponseImpl (file:///home/doan.thi.ngoc.anh@sun-asterisk.com/Documents/aidd-app/node_modules/next/dist/server/base-server.js:1753:26)
[  490811ms] [LOG] [HMR] connected @ http://localhost:3000/_next/static/chunks/node_modules_next_dist_1gdrd03._.js:1226
[  490813ms] [ERROR] ./components/kudos-board/highlight-kudo-card.tsx:7:1
Module not found: Can't resolve './hero-badge'
   5 | import { IconUp } from "@/components/common/icons";
   6 | import { IconHeart, IconLink, IconSend } from "./highlight-icons";
>  7 | import HeroBadge from "./hero-badge";
     | ^^^^^^^^^^^^^^^^^^^^^^^^^^^^^^^^^^^^^
   8 | import type { HighlightKudo, HighlightPerson } from "./highlight-mock-data";
   9 |
  10 | export interface HighlightKudoCardProps {

Import traces:
  Client Component Browser:
    ./components/kudos-board/highlight-kudo-card.tsx [Client Component Browser]
    ./components/kudos-board/highlight-section.tsx [Client Component Browser]
    ./components/kudos-board/highlight-section.tsx [Server Component]
    ./app/sun-kudos/page.tsx [Server Component]

  Client Component SSR:
    ./components/kudos-board/highlight-kudo-card.tsx [Client Component SSR]
    ./components/kudos-board/highlight-section.tsx [Client Component SSR]
    ./components/kudos-board/highlight-section.tsx [Server Component]
    ./app/sun-kudos/page.tsx [Server Component]

https://nextjs.org/docs/messages/module-not-found @ http://localhost:3000/_next/static/chunks/node_modules_next_dist_1gdrd03._.js:1945
[  490813ms] [ERROR] ./components/kudos-board/feed-kudo-post-card.tsx:7:1
Module not found: Can't resolve '@/components/kudos-board/hero-badge'
   5 | import { useTranslation } from "react-i18next";
   6 | import type { KudoPost } from "@/components/kudos-board/feed-mock-data";
>  7 | import HeroBadge from "@/components/kudos-board/hero-badge";
     | ^^^^^^^^^^^^^^^^^^^^^^^^^^^^^^^^^^^^^^^^^^^^^^^^^^^^^^^^^^^^
   8 | import FeedImageLightbox from "@/components/kudos-board/feed-image-lightbox";
   9 | import { IconSend, IconHeart, IconPen, IconLink } from "@/components/kudos-board/feed-icons";
  10 |

Import map: aliased to relative './components/kudos-board/hero-badge' inside of [project]/

Import traces:
  Client Component Browser:
    ./components/kudos-board/feed-kudo-post-card.tsx [Client Component Browser]
    ./components/kudos-board/feed-list.tsx [Client Component Browser]
    ./components/kudos-board/all-kudos-section.tsx [Client Component Browser]
    ./components/kudos-board/all-kudos-section.tsx [Server Component]
    ./app/sun-kudos/page.tsx [Server Component]

  Client Component SSR:
    ./components/kudos-board/feed-kudo-post-card.tsx [Client Component SSR]
    ./components/kudos-board/feed-list.tsx [Client Component SSR]
    ./components/kudos-board/all-kudos-section.tsx [Client Component SSR]
    ./components/kudos-board/all-kudos-section.tsx [Server Component]
    ./app/sun-kudos/page.tsx [Server Component]

https://nextjs.org/docs/messages/module-not-found @ http://localhost:3000/_next/static/chunks/node_modules_next_dist_1gdrd03._.js:1945
[  490873ms] [ERROR] ./components/kudos-board/highlight-kudo-card.tsx:7:1
Module not found: Can't resolve './hero-badge'
   5 | import { IconUp } from "@/components/common/icons";
   6 | import { IconHeart, IconLink, IconSend } from "./highlight-icons";
>  7 | import HeroBadge from "./hero-badge";
     | ^^^^^^^^^^^^^^^^^^^^^^^^^^^^^^^^^^^^^
   8 | import type { HighlightKudo, HighlightPerson } from "./highlight-mock-data";
   9 |
  10 | export interface HighlightKudoCardProps {

Import traces:
  Client Component Browser:
    ./components/kudos-board/highlight-kudo-card.tsx [Client Component Browser]
    ./components/kudos-board/highlight-section.tsx [Client Component Browser]
    ./components/kudos-board/highlight-section.tsx [Server Component]
    ./app/sun-kudos/page.tsx [Server Component]

  Client Component SSR:
    ./components/kudos-board/highlight-kudo-card.tsx [Client Component SSR]
    ./components/kudos-board/highlight-section.tsx [Client Component SSR]
    ./components/kudos-board/highlight-section.tsx [Server Component]
    ./app/sun-kudos/page.tsx [Server Component]

https://nextjs.org/docs/messages/module-not-found @ http://localhost:3000/_next/static/chunks/node_modules_next_dist_1gdrd03._.js:1945
[  490874ms] [ERROR] ./components/kudos-board/feed-kudo-post-card.tsx:7:1
Module not found: Can't resolve '@/components/kudos-board/hero-badge'
   5 | import { useTranslation } from "react-i18next";
   6 | import type { KudoPost } from "@/components/kudos-board/feed-mock-data";
>  7 | import HeroBadge from "@/components/kudos-board/hero-badge";
     | ^^^^^^^^^^^^^^^^^^^^^^^^^^^^^^^^^^^^^^^^^^^^^^^^^^^^^^^^^^^^
   8 | import FeedImageLightbox from "@/components/kudos-board/feed-image-lightbox";
   9 | import { IconSend, IconHeart, IconPen, IconLink } from "@/components/kudos-board/feed-icons";
  10 |

Import map: aliased to relative './components/kudos-board/hero-badge' inside of [project]/

Import traces:
  Client Component Browser:
    ./components/kudos-board/feed-kudo-post-card.tsx [Client Component Browser]
    ./components/kudos-board/feed-list.tsx [Client Component Browser]
    ./components/kudos-board/all-kudos-section.tsx [Client Component Browser]
    ./components/kudos-board/all-kudos-section.tsx [Server Component]
    ./app/sun-kudos/page.tsx [Server Component]

  Client Component SSR:
    ./components/kudos-board/feed-kudo-post-card.tsx [Client Component SSR]
    ./components/kudos-board/feed-list.tsx [Client Component SSR]
    ./components/kudos-board/all-kudos-section.tsx [Client Component SSR]
    ./components/kudos-board/all-kudos-section.tsx [Server Component]
    ./app/sun-kudos/page.tsx [Server Component]

https://nextjs.org/docs/messages/module-not-found @ http://localhost:3000/_next/static/chunks/node_modules_next_dist_1gdrd03._.js:1945
[  490930ms] [LOG] [Fast Refresh] rebuilding @ http://localhost:3000/_next/static/chunks/node_modules_next_dist_1gdrd03._.js:1226
[  491157ms] [ERROR] ./components/kudos-board/highlight-kudo-card.tsx:7:1
Module not found: Can't resolve './hero-badge'
   5 | import { IconUp } from "@/components/common/icons";
   6 | import { IconHeart, IconLink, IconSend } from "./highlight-icons";
>  7 | import HeroBadge from "./hero-badge";
     | ^^^^^^^^^^^^^^^^^^^^^^^^^^^^^^^^^^^^^
   8 | import type { HighlightKudo, HighlightPerson } from "./highlight-mock-data";
   9 |
  10 | export interface HighlightKudoCardProps {

Import traces:
  Client Component Browser:
    ./components/kudos-board/highlight-kudo-card.tsx [Client Component Browser]
    ./components/kudos-board/highlight-section.tsx [Client Component Browser]
    ./components/kudos-board/highlight-section.tsx [Server Component]
    ./app/sun-kudos/page.tsx [Server Component]

  Client Component SSR:
    ./components/kudos-board/highlight-kudo-card.tsx [Client Component SSR]
    ./components/kudos-board/highlight-section.tsx [Client Component SSR]
    ./components/kudos-board/highlight-section.tsx [Server Component]
    ./app/sun-kudos/page.tsx [Server Component]

https://nextjs.org/docs/messages/module-not-found @ http://localhost:3000/_next/static/chunks/node_modules_next_dist_1gdrd03._.js:1945
[  491157ms] [ERROR] ./components/kudos-board/feed-kudo-post-card.tsx:7:1
Module not found: Can't resolve '@/components/kudos-board/hero-badge'
   5 | import { useTranslation } from "react-i18next";
   6 | import type { KudoPost } from "@/components/kudos-board/feed-mock-data";
>  7 | import HeroBadge from "@/components/kudos-board/hero-badge";
     | ^^^^^^^^^^^^^^^^^^^^^^^^^^^^^^^^^^^^^^^^^^^^^^^^^^^^^^^^^^^^
   8 | import FeedImageLightbox from "@/components/kudos-board/feed-image-lightbox";
   9 | import { IconSend, IconHeart, IconPen, IconLink } from "@/components/kudos-board/feed-icons";
  10 |

Import map: aliased to relative './components/kudos-board/hero-badge' inside of [project]/

Import traces:
  Client Component Browser:
    ./components/kudos-board/feed-kudo-post-card.tsx [Client Component Browser]
    ./components/kudos-board/feed-list.tsx [Client Component Browser]
    ./components/kudos-board/all-kudos-section.tsx [Client Component Browser]
    ./components/kudos-board/all-kudos-section.tsx [Server Component]
    ./app/sun-kudos/page.tsx [Server Component]

  Client Component SSR:
    ./components/kudos-board/feed-kudo-post-card.tsx [Client Component SSR]
    ./components/kudos-board/feed-list.tsx [Client Component SSR]
    ./components/kudos-board/all-kudos-section.tsx [Client Component SSR]
    ./components/kudos-board/all-kudos-section.tsx [Server Component]
    ./app/sun-kudos/page.tsx [Server Component]

https://nextjs.org/docs/messages/module-not-found @ http://localhost:3000/_next/static/chunks/node_modules_next_dist_1gdrd03._.js:1945
[  491223ms] [LOG] [Fast Refresh] rebuilding @ http://localhost:3000/_next/static/chunks/node_modules_next_dist_1gdrd03._.js:1226
[  502967ms] [ERROR] ./components/kudos-board/highlight-kudo-card.tsx:7:1
Module not found: Can't resolve './hero-badge'
   5 | import { IconUp } from "@/components/common/icons";
   6 | import { IconHeart, IconLink, IconSend } from "./highlight-icons";
>  7 | import HeroBadge from "./hero-badge";
     | ^^^^^^^^^^^^^^^^^^^^^^^^^^^^^^^^^^^^^
   8 | import type { HighlightKudo, HighlightPerson } from "./highlight-mock-data";
   9 |
  10 | export interface HighlightKudoCardProps {

Import traces:
  Client Component Browser:
    ./components/kudos-board/highlight-kudo-card.tsx [Client Component Browser]
    ./components/kudos-board/highlight-section.tsx [Client Component Browser]
    ./components/kudos-board/highlight-section.tsx [Server Component]
    ./app/sun-kudos/page.tsx [Server Component]

  Client Component SSR:
    ./components/kudos-board/highlight-kudo-card.tsx [Client Component SSR]
    ./components/kudos-board/highlight-section.tsx [Client Component SSR]
    ./components/kudos-board/highlight-section.tsx [Server Component]
    ./app/sun-kudos/page.tsx [Server Component]

https://nextjs.org/docs/messages/module-not-found @ http://localhost:3000/_next/static/chunks/node_modules_next_dist_1gdrd03._.js:1945
[  502968ms] [ERROR] ./components/kudos-board/feed-kudo-post-card.tsx:7:1
Module not found: Can't resolve '@/components/kudos-board/hero-badge'
   5 | import { useTranslation } from "react-i18next";
   6 | import type { KudoPost } from "@/components/kudos-board/feed-mock-data";
>  7 | import HeroBadge from "@/components/kudos-board/hero-badge";
     | ^^^^^^^^^^^^^^^^^^^^^^^^^^^^^^^^^^^^^^^^^^^^^^^^^^^^^^^^^^^^
   8 | import FeedImageLightbox from "@/components/kudos-board/feed-image-lightbox";
   9 | import { IconSend, IconHeart, IconPen, IconLink } from "@/components/kudos-board/feed-icons";
  10 |

Import map: aliased to relative './components/kudos-board/hero-badge' inside of [project]/

Import traces:
  Client Component Browser:
    ./components/kudos-board/feed-kudo-post-card.tsx [Client Component Browser]
    ./components/kudos-board/feed-list.tsx [Client Component Browser]
    ./components/kudos-board/all-kudos-section.tsx [Client Component Browser]
    ./components/kudos-board/all-kudos-section.tsx [Server Component]
    ./app/sun-kudos/page.tsx [Server Component]

  Client Component SSR:
    ./components/kudos-board/feed-kudo-post-card.tsx [Client Component SSR]
    ./components/kudos-board/feed-list.tsx [Client Component SSR]
    ./components/kudos-board/all-kudos-section.tsx [Client Component SSR]
    ./components/kudos-board/all-kudos-section.tsx [Server Component]
    ./app/sun-kudos/page.tsx [Server Component]

https://nextjs.org/docs/messages/module-not-found @ http://localhost:3000/_next/static/chunks/node_modules_next_dist_1gdrd03._.js:1945
[  502986ms] [LOG] [Fast Refresh] rebuilding @ http://localhost:3000/_next/static/chunks/node_modules_next_dist_1gdrd03._.js:1226
[  504040ms] [ERROR] ./components/kudos-board/highlight-kudo-card.tsx:7:1
Module not found: Can't resolve './hero-badge'
   5 | import { IconUp } from "@/components/common/icons";
   6 | import { IconHeart, IconLink, IconSend } from "./highlight-icons";
>  7 | import HeroBadge from "./hero-badge";
     | ^^^^^^^^^^^^^^^^^^^^^^^^^^^^^^^^^^^^^
   8 | import type { HighlightKudo, HighlightPerson } from "./highlight-mock-data";
   9 |
  10 | export interface HighlightKudoCardProps {

Import traces:
  Client Component Browser:
    ./components/kudos-board/highlight-kudo-card.tsx [Client Component Browser]
    ./components/kudos-board/highlight-section.tsx [Client Component Browser]
    ./components/kudos-board/highlight-section.tsx [Server Component]
    ./app/sun-kudos/page.tsx [Server Component]

  Client Component SSR:
    ./components/kudos-board/highlight-kudo-card.tsx [Client Component SSR]
    ./components/kudos-board/highlight-section.tsx [Client Component SSR]
    ./components/kudos-board/highlight-section.tsx [Server Component]
    ./app/sun-kudos/page.tsx [Server Component]

https://nextjs.org/docs/messages/module-not-found @ http://localhost:3000/_next/static/chunks/node_modules_next_dist_1gdrd03._.js:1945
[  504040ms] [ERROR] ./components/kudos-board/feed-kudo-post-card.tsx:7:1
Module not found: Can't resolve '@/components/kudos-board/hero-badge'
   5 | import { useTranslation } from "react-i18next";
   6 | import type { KudoPost } from "@/components/kudos-board/feed-mock-data";
>  7 | import HeroBadge from "@/components/kudos-board/hero-badge";
     | ^^^^^^^^^^^^^^^^^^^^^^^^^^^^^^^^^^^^^^^^^^^^^^^^^^^^^^^^^^^^
   8 | import FeedImageLightbox from "@/components/kudos-board/feed-image-lightbox";
   9 | import { IconSend, IconHeart, IconPen, IconLink } from "@/components/kudos-board/feed-icons";
  10 |

Import map: aliased to relative './components/kudos-board/hero-badge' inside of [project]/

Import traces:
  Client Component Browser:
    ./components/kudos-board/feed-kudo-post-card.tsx [Client Component Browser]
    ./components/kudos-board/feed-list.tsx [Client Component Browser]
    ./components/kudos-board/all-kudos-section.tsx [Client Component Browser]
    ./components/kudos-board/all-kudos-section.tsx [Server Component]
    ./app/sun-kudos/page.tsx [Server Component]

  Client Component SSR:
    ./components/kudos-board/feed-kudo-post-card.tsx [Client Component SSR]
    ./components/kudos-board/feed-list.tsx [Client Component SSR]
    ./components/kudos-board/all-kudos-section.tsx [Client Component SSR]
    ./components/kudos-board/all-kudos-section.tsx [Server Component]
    ./app/sun-kudos/page.tsx [Server Component]

https://nextjs.org/docs/messages/module-not-found @ http://localhost:3000/_next/static/chunks/node_modules_next_dist_1gdrd03._.js:1945
[  504042ms] [LOG] [Fast Refresh] rebuilding @ http://localhost:3000/_next/static/chunks/node_modules_next_dist_1gdrd03._.js:1226
[  505489ms] [ERROR] ./components/kudos-board/highlight-kudo-card.tsx:7:1
Module not found: Can't resolve './hero-badge'
   5 | import { IconUp } from "@/components/common/icons";
   6 | import { IconHeart, IconLink, IconSend } from "./highlight-icons";
>  7 | import HeroBadge from "./hero-badge";
     | ^^^^^^^^^^^^^^^^^^^^^^^^^^^^^^^^^^^^^
   8 | import type { HighlightKudo, HighlightPerson } from "./highlight-mock-data";
   9 |
  10 | export interface HighlightKudoCardProps {

Import traces:
  Client Component Browser:
    ./components/kudos-board/highlight-kudo-card.tsx [Client Component Browser]
    ./components/kudos-board/highlight-section.tsx [Client Component Browser]
    ./components/kudos-board/highlight-section.tsx [Server Component]
    ./app/sun-kudos/page.tsx [Server Component]

  Client Component SSR:
    ./components/kudos-board/highlight-kudo-card.tsx [Client Component SSR]
    ./components/kudos-board/highlight-section.tsx [Client Component SSR]
    ./components/kudos-board/highlight-section.tsx [Server Component]
    ./app/sun-kudos/page.tsx [Server Component]

https://nextjs.org/docs/messages/module-not-found @ http://localhost:3000/_next/static/chunks/node_modules_next_dist_1gdrd03._.js:1945
[  505489ms] [ERROR] ./components/kudos-board/feed-kudo-post-card.tsx:7:1
Module not found: Can't resolve '@/components/kudos-board/hero-badge'
   5 | import { useTranslation } from "react-i18next";
   6 | import type { KudoPost } from "@/components/kudos-board/feed-mock-data";
>  7 | import HeroBadge from "@/components/kudos-board/hero-badge";
     | ^^^^^^^^^^^^^^^^^^^^^^^^^^^^^^^^^^^^^^^^^^^^^^^^^^^^^^^^^^^^
   8 | import FeedImageLightbox from "@/components/kudos-board/feed-image-lightbox";
   9 | import { IconSend, IconHeart, IconPen, IconLink } from "@/components/kudos-board/feed-icons";
  10 |

Import map: aliased to relative './components/kudos-board/hero-badge' inside of [project]/

Import traces:
  Client Component Browser:
    ./components/kudos-board/feed-kudo-post-card.tsx [Client Component Browser]
    ./components/kudos-board/feed-list.tsx [Client Component Browser]
    ./components/kudos-board/all-kudos-section.tsx [Client Component Browser]
    ./components/kudos-board/all-kudos-section.tsx [Server Component]
    ./app/sun-kudos/page.tsx [Server Component]

  Client Component SSR:
    ./components/kudos-board/feed-kudo-post-card.tsx [Client Component SSR]
    ./components/kudos-board/feed-list.tsx [Client Component SSR]
    ./components/kudos-board/all-kudos-section.tsx [Client Component SSR]
    ./components/kudos-board/all-kudos-section.tsx [Server Component]
    ./app/sun-kudos/page.tsx [Server Component]

https://nextjs.org/docs/messages/module-not-found @ http://localhost:3000/_next/static/chunks/node_modules_next_dist_1gdrd03._.js:1945
[  505547ms] [ERROR] ./components/kudos-board/highlight-kudo-card.tsx:7:1
Module not found: Can't resolve './hero-badge'
   5 | import { IconUp } from "@/components/common/icons";
   6 | import { IconHeart, IconLink, IconSend } from "./highlight-icons";
>  7 | import HeroBadge from "./hero-badge";
     | ^^^^^^^^^^^^^^^^^^^^^^^^^^^^^^^^^^^^^
   8 | import type { HighlightKudo, HighlightPerson } from "./highlight-mock-data";
   9 |
  10 | export interface HighlightKudoCardProps {

Import traces:
  Client Component Browser:
    ./components/kudos-board/highlight-kudo-card.tsx [Client Component Browser]
    ./components/kudos-board/highlight-section.tsx [Client Component Browser]
    ./components/kudos-board/highlight-section.tsx [Server Component]
    ./app/sun-kudos/page.tsx [Server Component]

  Client Component SSR:
    ./components/kudos-board/highlight-kudo-card.tsx [Client Component SSR]
    ./components/kudos-board/highlight-section.tsx [Client Component SSR]
    ./components/kudos-board/highlight-section.tsx [Server Component]
    ./app/sun-kudos/page.tsx [Server Component]

https://nextjs.org/docs/messages/module-not-found @ http://localhost:3000/_next/static/chunks/node_modules_next_dist_1gdrd03._.js:1945
[  505547ms] [ERROR] ./components/kudos-board/feed-kudo-post-card.tsx:7:1
Module not found: Can't resolve '@/components/kudos-board/hero-badge'
   5 | import { useTranslation } from "react-i18next";
   6 | import type { KudoPost } from "@/components/kudos-board/feed-mock-data";
>  7 | import HeroBadge from "@/components/kudos-board/hero-badge";
     | ^^^^^^^^^^^^^^^^^^^^^^^^^^^^^^^^^^^^^^^^^^^^^^^^^^^^^^^^^^^^
   8 | import FeedImageLightbox from "@/components/kudos-board/feed-image-lightbox";
   9 | import { IconSend, IconHeart, IconPen, IconLink } from "@/components/kudos-board/feed-icons";
  10 |

Import map: aliased to relative './components/kudos-board/hero-badge' inside of [project]/

Import traces:
  Client Component Browser:
    ./components/kudos-board/feed-kudo-post-card.tsx [Client Component Browser]
    ./components/kudos-board/feed-list.tsx [Client Component Browser]
    ./components/kudos-board/all-kudos-section.tsx [Client Component Browser]
    ./components/kudos-board/all-kudos-section.tsx [Server Component]
    ./app/sun-kudos/page.tsx [Server Component]

  Client Component SSR:
    ./components/kudos-board/feed-kudo-post-card.tsx [Client Component SSR]
    ./components/kudos-board/feed-list.tsx [Client Component SSR]
    ./components/kudos-board/all-kudos-section.tsx [Client Component SSR]
    ./components/kudos-board/all-kudos-section.tsx [Server Component]
    ./app/sun-kudos/page.tsx [Server Component]

https://nextjs.org/docs/messages/module-not-found @ http://localhost:3000/_next/static/chunks/node_modules_next_dist_1gdrd03._.js:1945
[  505590ms] [LOG] [Fast Refresh] rebuilding @ http://localhost:3000/_next/static/chunks/node_modules_next_dist_1gdrd03._.js:1226
[  506061ms] [ERROR] ./components/kudos-board/highlight-kudo-card.tsx:7:1
Module not found: Can't resolve './hero-badge'
   5 | import { IconUp } from "@/components/common/icons";
   6 | import { IconHeart, IconLink, IconSend } from "./highlight-icons";
>  7 | import HeroBadge from "./hero-badge";
     | ^^^^^^^^^^^^^^^^^^^^^^^^^^^^^^^^^^^^^
   8 | import type { HighlightKudo, HighlightPerson } from "./highlight-mock-data";
   9 |
  10 | export interface HighlightKudoCardProps {

Import traces:
  Client Component Browser:
    ./components/kudos-board/highlight-kudo-card.tsx [Client Component Browser]
    ./components/kudos-board/highlight-section.tsx [Client Component Browser]
    ./components/kudos-board/highlight-section.tsx [Server Component]
    ./app/sun-kudos/page.tsx [Server Component]

  Client Component SSR:
    ./components/kudos-board/highlight-kudo-card.tsx [Client Component SSR]
    ./components/kudos-board/highlight-section.tsx [Client Component SSR]
    ./components/kudos-board/highlight-section.tsx [Server Component]
    ./app/sun-kudos/page.tsx [Server Component]

https://nextjs.org/docs/messages/module-not-found @ http://localhost:3000/_next/static/chunks/node_modules_next_dist_1gdrd03._.js:1945
[  506061ms] [ERROR] ./components/kudos-board/feed-kudo-post-card.tsx:7:1
Module not found: Can't resolve '@/components/kudos-board/hero-badge'
   5 | import { useTranslation } from "react-i18next";
   6 | import type { KudoPost } from "@/components/kudos-board/feed-mock-data";
>  7 | import HeroBadge from "@/components/kudos-board/hero-badge";
     | ^^^^^^^^^^^^^^^^^^^^^^^^^^^^^^^^^^^^^^^^^^^^^^^^^^^^^^^^^^^^
   8 | import FeedImageLightbox from "@/components/kudos-board/feed-image-lightbox";
   9 | import { IconSend, IconHeart, IconPen, IconLink } from "@/components/kudos-board/feed-icons";
  10 |

Import map: aliased to relative './components/kudos-board/hero-badge' inside of [project]/

Import traces:
  Client Component Browser:
    ./components/kudos-board/feed-kudo-post-card.tsx [Client Component Browser]
    ./components/kudos-board/feed-list.tsx [Client Component Browser]
    ./components/kudos-board/all-kudos-section.tsx [Client Component Browser]
    ./components/kudos-board/all-kudos-section.tsx [Server Component]
    ./app/sun-kudos/page.tsx [Server Component]

  Client Component SSR:
    ./components/kudos-board/feed-kudo-post-card.tsx [Client Component SSR]
    ./components/kudos-board/feed-list.tsx [Client Component SSR]
    ./components/kudos-board/all-kudos-section.tsx [Client Component SSR]
    ./components/kudos-board/all-kudos-section.tsx [Server Component]
    ./app/sun-kudos/page.tsx [Server Component]

https://nextjs.org/docs/messages/module-not-found @ http://localhost:3000/_next/static/chunks/node_modules_next_dist_1gdrd03._.js:1945
[  506145ms] [ERROR] ./components/kudos-board/highlight-kudo-card.tsx:7:1
Module not found: Can't resolve './hero-badge'
   5 | import { IconUp } from "@/components/common/icons";
   6 | import { IconHeart, IconLink, IconSend } from "./highlight-icons";
>  7 | import HeroBadge from "./hero-badge";
     | ^^^^^^^^^^^^^^^^^^^^^^^^^^^^^^^^^^^^^
   8 | import type { HighlightKudo, HighlightPerson } from "./highlight-mock-data";
   9 |
  10 | export interface HighlightKudoCardProps {

Import traces:
  Client Component Browser:
    ./components/kudos-board/highlight-kudo-card.tsx [Client Component Browser]
    ./components/kudos-board/highlight-section.tsx [Client Component Browser]
    ./components/kudos-board/highlight-section.tsx [Server Component]
    ./app/sun-kudos/page.tsx [Server Component]

  Client Component SSR:
    ./components/kudos-board/highlight-kudo-card.tsx [Client Component SSR]
    ./components/kudos-board/highlight-section.tsx [Client Component SSR]
    ./components/kudos-board/highlight-section.tsx [Server Component]
    ./app/sun-kudos/page.tsx [Server Component]

https://nextjs.org/docs/messages/module-not-found @ http://localhost:3000/_next/static/chunks/node_modules_next_dist_1gdrd03._.js:1945
[  506145ms] [ERROR] ./components/kudos-board/feed-kudo-post-card.tsx:7:1
Module not found: Can't resolve '@/components/kudos-board/hero-badge'
   5 | import { useTranslation } from "react-i18next";
   6 | import type { KudoPost } from "@/components/kudos-board/feed-mock-data";
>  7 | import HeroBadge from "@/components/kudos-board/hero-badge";
     | ^^^^^^^^^^^^^^^^^^^^^^^^^^^^^^^^^^^^^^^^^^^^^^^^^^^^^^^^^^^^
   8 | import FeedImageLightbox from "@/components/kudos-board/feed-image-lightbox";
   9 | import { IconSend, IconHeart, IconPen, IconLink } from "@/components/kudos-board/feed-icons";
  10 |

Import map: aliased to relative './components/kudos-board/hero-badge' inside of [project]/

Import traces:
  Client Component Browser:
    ./components/kudos-board/feed-kudo-post-card.tsx [Client Component Browser]
    ./components/kudos-board/feed-list.tsx [Client Component Browser]
    ./components/kudos-board/all-kudos-section.tsx [Client Component Browser]
    ./components/kudos-board/all-kudos-section.tsx [Server Component]
    ./app/sun-kudos/page.tsx [Server Component]

  Client Component SSR:
    ./components/kudos-board/feed-kudo-post-card.tsx [Client Component SSR]
    ./components/kudos-board/feed-list.tsx [Client Component SSR]
    ./components/kudos-board/all-kudos-section.tsx [Client Component SSR]
    ./components/kudos-board/all-kudos-section.tsx [Server Component]
    ./app/sun-kudos/page.tsx [Server Component]

https://nextjs.org/docs/messages/module-not-found @ http://localhost:3000/_next/static/chunks/node_modules_next_dist_1gdrd03._.js:1945
[  506162ms] [LOG] [Fast Refresh] rebuilding @ http://localhost:3000/_next/static/chunks/node_modules_next_dist_1gdrd03._.js:1226
[  509943ms] [ERROR] ./components/kudos-board/highlight-kudo-card.tsx:7:1
Module not found: Can't resolve './hero-badge'
   5 | import { IconUp } from "@/components/common/icons";
   6 | import { IconHeart, IconLink, IconSend } from "./highlight-icons";
>  7 | import HeroBadge from "./hero-badge";
     | ^^^^^^^^^^^^^^^^^^^^^^^^^^^^^^^^^^^^^
   8 | import type { HighlightKudo, HighlightPerson } from "./highlight-mock-data";
   9 |
  10 | export interface HighlightKudoCardProps {

Import traces:
  Client Component Browser:
    ./components/kudos-board/highlight-kudo-card.tsx [Client Component Browser]
    ./components/kudos-board/highlight-section.tsx [Client Component Browser]
    ./components/kudos-board/highlight-section.tsx [Server Component]
    ./app/sun-kudos/page.tsx [Server Component]

  Client Component SSR:
    ./components/kudos-board/highlight-kudo-card.tsx [Client Component SSR]
    ./components/kudos-board/highlight-section.tsx [Client Component SSR]
    ./components/kudos-board/highlight-section.tsx [Server Component]
    ./app/sun-kudos/page.tsx [Server Component]

https://nextjs.org/docs/messages/module-not-found @ http://localhost:3000/_next/static/chunks/node_modules_next_dist_1gdrd03._.js:1945
[  509943ms] [ERROR] ./components/kudos-board/feed-kudo-post-card.tsx:7:1
Module not found: Can't resolve '@/components/kudos-board/hero-badge'
   5 | import { useTranslation } from "react-i18next";
   6 | import type { KudoPost } from "@/components/kudos-board/feed-mock-data";
>  7 | import HeroBadge from "@/components/kudos-board/hero-badge";
     | ^^^^^^^^^^^^^^^^^^^^^^^^^^^^^^^^^^^^^^^^^^^^^^^^^^^^^^^^^^^^
   8 | import FeedImageLightbox from "@/components/kudos-board/feed-image-lightbox";
   9 | import { IconSend, IconHeart, IconPen, IconLink } from "@/components/kudos-board/feed-icons";
  10 |

Import map: aliased to relative './components/kudos-board/hero-badge' inside of [project]/

Import traces:
  Client Component Browser:
    ./components/kudos-board/feed-kudo-post-card.tsx [Client Component Browser]
    ./components/kudos-board/feed-list.tsx [Client Component Browser]
    ./components/kudos-board/all-kudos-section.tsx [Client Component Browser]
    ./components/kudos-board/all-kudos-section.tsx [Server Component]
    ./app/sun-kudos/page.tsx [Server Component]

  Client Component SSR:
    ./components/kudos-board/feed-kudo-post-card.tsx [Client Component SSR]
    ./components/kudos-board/feed-list.tsx [Client Component SSR]
    ./components/kudos-board/all-kudos-section.tsx [Client Component SSR]
    ./components/kudos-board/all-kudos-section.tsx [Server Component]
    ./app/sun-kudos/page.tsx [Server Component]

https://nextjs.org/docs/messages/module-not-found @ http://localhost:3000/_next/static/chunks/node_modules_next_dist_1gdrd03._.js:1945
[  509958ms] [LOG] [Fast Refresh] rebuilding @ http://localhost:3000/_next/static/chunks/node_modules_next_dist_1gdrd03._.js:1226
[  512432ms] [LOG] [Fast Refresh] rebuilding @ http://localhost:3000/_next/static/chunks/node_modules_next_dist_1gdrd03._.js:1226
[  512662ms] [ERROR] Failed to load resource: the server responded with a status of 500 (Internal Server Error) @ http://localhost:3000/sun-kudos:0
[  512734ms] [INFO] %cDownload the React DevTools for a better development experience: https://react.dev/link/react-devtools font-weight:bold @ http://localhost:3000/_next/static/chunks/node_modules_react-dom_0kla17-._.js:15305
[  512751ms] Error: ./components/kudos-board/highlight-kudo-card.tsx:7:1
Module not found: Can't resolve './hero-badge'
   5 | import { IconUp } from "@/components/common/icons";
   6 | import { IconHeart, IconLink, IconSend } from "./highlight-icons";
>  7 | import HeroBadge from "./hero-badge";
     | ^^^^^^^^^^^^^^^^^^^^^^^^^^^^^^^^^^^^^
   8 | import type { HighlightKudo, HighlightPerson } from "./highlight-mock-data";
   9 |
  10 | export interface HighlightKudoCardProps {



Import traces:
  Client Component Browser:
    ./components/kudos-board/highlight-kudo-card.tsx [Client Component Browser]
    ./components/kudos-board/highlight-section.tsx [Client Component Browser]
    ./components/kudos-board/highlight-section.tsx [Server Component]
    ./app/sun-kudos/page.tsx [Server Component]

  Client Component SSR:
    ./components/kudos-board/highlight-kudo-card.tsx [Client Component SSR]
    ./components/kudos-board/highlight-section.tsx [Client Component SSR]
    ./components/kudos-board/highlight-section.tsx [Server Component]
    ./app/sun-kudos/page.tsx [Server Component]

https://nextjs.org/docs/messages/module-not-found


    at <unknown> (Error: ./components/kudos-board/highlight-kudo-card.tsx:7:1)
    at <unknown> (https://nextjs.org/docs/messages/module-not-found)
    at Object.getCompilationErrors (file:///home/doan.thi.ngoc.anh@sun-asterisk.com/Documents/aidd-app/node_modules/next/dist/server/dev/hot-reloader-turbopack.js:1186:59)
    at DevBundlerService.getCompilationError (file:///home/doan.thi.ngoc.anh@sun-asterisk.com/Documents/aidd-app/node_modules/next/dist/server/lib/dev-bundler-service.js:44:55)
    at DevServer.getCompilationError (file:///home/doan.thi.ngoc.anh@sun-asterisk.com/Documents/aidd-app/node_modules/next/dist/server/dev/next-dev-server.js:720:42)
    at DevServer.findPageComponents (file:///home/doan.thi.ngoc.anh@sun-asterisk.com/Documents/aidd-app/node_modules/next/dist/server/dev/next-dev-server.js:690:43)
    at async DevServer.renderErrorToResponseImpl (file:///home/doan.thi.ngoc.anh@sun-asterisk.com/Documents/aidd-app/node_modules/next/dist/server/base-server.js:1753:26)
[  512756ms] [LOG] [HMR] connected @ http://localhost:3000/_next/static/chunks/node_modules_next_dist_1gdrd03._.js:1226
[  512761ms] [ERROR] ./components/kudos-board/highlight-kudo-card.tsx:7:1
Module not found: Can't resolve './hero-badge'
   5 | import { IconUp } from "@/components/common/icons";
   6 | import { IconHeart, IconLink, IconSend } from "./highlight-icons";
>  7 | import HeroBadge from "./hero-badge";
     | ^^^^^^^^^^^^^^^^^^^^^^^^^^^^^^^^^^^^^
   8 | import type { HighlightKudo, HighlightPerson } from "./highlight-mock-data";
   9 |
  10 | export interface HighlightKudoCardProps {

Import traces:
  Client Component Browser:
    ./components/kudos-board/highlight-kudo-card.tsx [Client Component Browser]
    ./components/kudos-board/highlight-section.tsx [Client Component Browser]
    ./components/kudos-board/highlight-section.tsx [Server Component]
    ./app/sun-kudos/page.tsx [Server Component]

  Client Component SSR:
    ./components/kudos-board/highlight-kudo-card.tsx [Client Component SSR]
    ./components/kudos-board/highlight-section.tsx [Client Component SSR]
    ./components/kudos-board/highlight-section.tsx [Server Component]
    ./app/sun-kudos/page.tsx [Server Component]

https://nextjs.org/docs/messages/module-not-found @ http://localhost:3000/_next/static/chunks/node_modules_next_dist_1gdrd03._.js:1945
[  512834ms] [ERROR] ./components/kudos-board/highlight-kudo-card.tsx:7:1
Module not found: Can't resolve './hero-badge'
   5 | import { IconUp } from "@/components/common/icons";
   6 | import { IconHeart, IconLink, IconSend } from "./highlight-icons";
>  7 | import HeroBadge from "./hero-badge";
     | ^^^^^^^^^^^^^^^^^^^^^^^^^^^^^^^^^^^^^
   8 | import type { HighlightKudo, HighlightPerson } from "./highlight-mock-data";
   9 |
  10 | export interface HighlightKudoCardProps {

Import traces:
  Client Component Browser:
    ./components/kudos-board/highlight-kudo-card.tsx [Client Component Browser]
    ./components/kudos-board/highlight-section.tsx [Client Component Browser]
    ./components/kudos-board/highlight-section.tsx [Server Component]
    ./app/sun-kudos/page.tsx [Server Component]

  Client Component SSR:
    ./components/kudos-board/highlight-kudo-card.tsx [Client Component SSR]
    ./components/kudos-board/highlight-section.tsx [Client Component SSR]
    ./components/kudos-board/highlight-section.tsx [Server Component]
    ./app/sun-kudos/page.tsx [Server Component]

https://nextjs.org/docs/messages/module-not-found @ http://localhost:3000/_next/static/chunks/node_modules_next_dist_1gdrd03._.js:1945
[  512881ms] [LOG] [Fast Refresh] rebuilding @ http://localhost:3000/_next/static/chunks/node_modules_next_dist_1gdrd03._.js:1226
[  513202ms] [ERROR] ./components/kudos-board/highlight-kudo-card.tsx:7:1
Module not found: Can't resolve './hero-badge'
   5 | import { IconUp } from "@/components/common/icons";
   6 | import { IconHeart, IconLink, IconSend } from "./highlight-icons";
>  7 | import HeroBadge from "./hero-badge";
     | ^^^^^^^^^^^^^^^^^^^^^^^^^^^^^^^^^^^^^
   8 | import type { HighlightKudo, HighlightPerson } from "./highlight-mock-data";
   9 |
  10 | export interface HighlightKudoCardProps {

Import traces:
  Client Component Browser:
    ./components/kudos-board/highlight-kudo-card.tsx [Client Component Browser]
    ./components/kudos-board/highlight-section.tsx [Client Component Browser]
    ./components/kudos-board/highlight-section.tsx [Server Component]
    ./app/sun-kudos/page.tsx [Server Component]

  Client Component SSR:
    ./components/kudos-board/highlight-kudo-card.tsx [Client Component SSR]
    ./components/kudos-board/highlight-section.tsx [Client Component SSR]
    ./components/kudos-board/highlight-section.tsx [Server Component]
    ./app/sun-kudos/page.tsx [Server Component]

https://nextjs.org/docs/messages/module-not-found @ http://localhost:3000/_next/static/chunks/node_modules_next_dist_1gdrd03._.js:1945
[  513270ms] [LOG] [Fast Refresh] rebuilding @ http://localhost:3000/_next/static/chunks/node_modules_next_dist_1gdrd03._.js:1226
[  513485ms] [LOG] [Fast Refresh] rebuilding @ http://localhost:3000/_next/static/chunks/node_modules_next_dist_1gdrd03._.js:1226
[  513495ms] [ERROR] ./components/kudos-board/highlight-kudo-card.tsx:7:1
Module not found: Can't resolve './hero-badge'
   5 | import { IconUp } from "@/components/common/icons";
   6 | import { IconHeart, IconLink, IconSend } from "./highlight-icons";
>  7 | import HeroBadge from "./hero-badge";
     | ^^^^^^^^^^^^^^^^^^^^^^^^^^^^^^^^^^^^^
   8 | import type { HighlightKudo, HighlightPerson } from "./highlight-mock-data";
   9 |
  10 | export interface HighlightKudoCardProps {

Import traces:
  Client Component Browser:
    ./components/kudos-board/highlight-kudo-card.tsx [Client Component Browser]
    ./components/kudos-board/highlight-section.tsx [Client Component Browser]
    ./components/kudos-board/highlight-section.tsx [Server Component]
    ./app/sun-kudos/page.tsx [Server Component]

  Client Component SSR:
    ./components/kudos-board/highlight-kudo-card.tsx [Client Component SSR]
    ./components/kudos-board/highlight-section.tsx [Client Component SSR]
    ./components/kudos-board/highlight-section.tsx [Server Component]
    ./app/sun-kudos/page.tsx [Server Component]

https://nextjs.org/docs/messages/module-not-found @ http://localhost:3000/_next/static/chunks/node_modules_next_dist_1gdrd03._.js:1945
[  515647ms] [LOG] [Fast Refresh] rebuilding @ http://localhost:3000/_next/static/chunks/node_modules_next_dist_1gdrd03._.js:1226
[  515826ms] [LOG] [Fast Refresh] done in 103ms @ http://localhost:3000/_next/static/chunks/node_modules_next_dist_1gdrd03._.js:1226
[  516054ms] [LOG] [Fast Refresh] rebuilding @ http://localhost:3000/_next/static/chunks/node_modules_next_dist_1gdrd03._.js:1226
[  516120ms] [LOG] [Fast Refresh] done in 167ms @ http://localhost:3000/_next/static/chunks/node_modules_next_dist_1gdrd03._.js:1226
[  516221ms] [LOG] [Fast Refresh] rebuilding @ http://localhost:3000/_next/static/chunks/node_modules_next_dist_1gdrd03._.js:1226
[  516233ms] [LOG] [Fast Refresh] done in 112ms @ http://localhost:3000/_next/static/chunks/node_modules_next_dist_1gdrd03._.js:1226
[  516507ms] [INFO] %cDownload the React DevTools for a better development experience: https://react.dev/link/react-devtools font-weight:bold @ http://localhost:3000/_next/static/chunks/node_modules_next_dist_1ybzpk2._.js:2477
[  516546ms] [LOG] [HMR] connected @ http://localhost:3000/_next/static/chunks/node_modules_next_dist_1ybzpk2._.js:2477
[  516705ms] [LOG] [Fast Refresh] rebuilding @ http://localhost:3000/_next/static/chunks/node_modules_next_dist_1ybzpk2._.js:2477
[  516720ms] [LOG] [Fast Refresh] done in 121ms @ http://localhost:3000/_next/static/chunks/node_modules_next_dist_1ybzpk2._.js:2477
[  516803ms] [WARNING] Image with src "http://localhost:3000/icons/flag_vn.svg" has either width or height modified, but not the other. If you use CSS to change the size of your image, also include the styles 'width: "auto"' or 'height: "auto"' to maintain the aspect ratio. @ http://localhost:3000/_next/static/chunks/node_modules_next_dist_1ybzpk2._.js:2477
[  517831ms] [LOG] [Fast Refresh] rebuilding @ http://localhost:3000/_next/static/chunks/node_modules_next_dist_1ybzpk2._.js:2477
[  517837ms] [LOG] [Fast Refresh] done in 107ms @ http://localhost:3000/_next/static/chunks/node_modules_next_dist_1ybzpk2._.js:2477
[  531037ms] [LOG] [Fast Refresh] rebuilding @ http://localhost:3000/_next/static/chunks/node_modules_next_dist_1ybzpk2._.js:2477
[  531055ms] [LOG] [Fast Refresh] done in 96ms @ http://localhost:3000/_next/static/chunks/node_modules_next_dist_1ybzpk2._.js:2477
[  542054ms] [LOG] [Fast Refresh] rebuilding @ http://localhost:3000/_next/static/chunks/node_modules_next_dist_1ybzpk2._.js:2477
[  542069ms] [LOG] [Fast Refresh] done in 116ms @ http://localhost:3000/_next/static/chunks/node_modules_next_dist_1ybzpk2._.js:2477
[  554324ms] [LOG] [Fast Refresh] rebuilding @ http://localhost:3000/_next/static/chunks/node_modules_next_dist_1ybzpk2._.js:2477
[  554344ms] [LOG] [Fast Refresh] done in 93ms @ http://localhost:3000/_next/static/chunks/node_modules_next_dist_1ybzpk2._.js:2477
[  562221ms] [LOG] [Fast Refresh] rebuilding @ http://localhost:3000/_next/static/chunks/node_modules_next_dist_1ybzpk2._.js:2477
[  562225ms] [LOG] [Fast Refresh] done in 104ms @ http://localhost:3000/_next/static/chunks/node_modules_next_dist_1ybzpk2._.js:2477
[  565927ms] [LOG] [Fast Refresh] rebuilding @ http://localhost:3000/_next/static/chunks/node_modules_next_dist_1ybzpk2._.js:2477
[  566210ms] [LOG] [Fast Refresh] done in 254ms @ http://localhost:3000/_next/static/chunks/node_modules_next_dist_1ybzpk2._.js:2477
[  566322ms] [LOG] [Fast Refresh] rebuilding @ http://localhost:3000/_next/static/chunks/node_modules_next_dist_1ybzpk2._.js:2477
[  566348ms] [LOG] [Fast Refresh] done in 126ms @ http://localhost:3000/_next/static/chunks/node_modules_next_dist_1ybzpk2._.js:2477
[  572289ms] [LOG] [Fast Refresh] rebuilding @ http://localhost:3000/_next/static/chunks/node_modules_next_dist_1ybzpk2._.js:2477
[  572312ms] [LOG] [Fast Refresh] done in 123ms @ http://localhost:3000/_next/static/chunks/node_modules_next_dist_1ybzpk2._.js:2477
[  580688ms] [LOG] [Fast Refresh] rebuilding @ http://localhost:3000/_next/static/chunks/node_modules_next_dist_1ybzpk2._.js:2477
[  580692ms] [LOG] [Fast Refresh] done in 105ms @ http://localhost:3000/_next/static/chunks/node_modules_next_dist_1ybzpk2._.js:2477
