[     265ms] [INFO] %cDownload the React DevTools for a better development experience: https://react.dev/link/react-devtools font-weight:bold @ http://localhost:3100/_next/static/chunks/node_modules_next_dist_1ybzpk2._.js:2477
[     295ms] [LOG] [HMR] connected @ http://localhost:3100/_next/static/chunks/node_modules_next_dist_1ybzpk2._.js:2477
[     479ms] [WARNING] Image with src "http://localhost:3100/icons/flag_vn.svg" has either width or height modified, but not the other. If you use CSS to change the size of your image, also include the styles 'width: "auto"' or 'height: "auto"' to maintain the aspect ratio. @ http://localhost:3100/_next/static/chunks/node_modules_next_dist_1ybzpk2._.js:2477
[   16717ms] [LOG] [Fast Refresh] rebuilding @ http://localhost:3100/_next/static/chunks/node_modules_next_dist_1ybzpk2._.js:2477
[   16726ms] [LOG] [Fast Refresh] done in 108ms @ http://localhost:3100/_next/static/chunks/node_modules_next_dist_1ybzpk2._.js:2477
[   21748ms] [LOG] [Fast Refresh] rebuilding @ http://localhost:3100/_next/static/chunks/node_modules_next_dist_1ybzpk2._.js:2477
[   21784ms] [LOG] [Fast Refresh] done in 136ms @ http://localhost:3100/_next/static/chunks/node_modules_next_dist_1ybzpk2._.js:2477
[   26073ms] [LOG] [Fast Refresh] rebuilding @ http://localhost:3100/_next/static/chunks/node_modules_next_dist_1ybzpk2._.js:2477
[   26113ms] [LOG] [Fast Refresh] done in 141ms @ http://localhost:3100/_next/static/chunks/node_modules_next_dist_1ybzpk2._.js:2477
[   70971ms] [LOG] [Fast Refresh] rebuilding @ http://localhost:3100/_next/static/chunks/node_modules_next_dist_1ybzpk2._.js:2477
[   70976ms] [LOG] [Fast Refresh] done in 106ms @ http://localhost:3100/_next/static/chunks/node_modules_next_dist_1ybzpk2._.js:2477
[   79376ms] [ERROR] WebSocket connection to 'ws://localhost:3100/_next/webpack-hmr?id=3_-dpNM4QXmDadphKz14e' failed: Error in connection establishment: net::ERR_CONNECTION_REFUSED @ http://localhost:3100/_next/static/chunks/node_modules_next_dist_client_0r5nbpw._.js:13422
[   80378ms] [ERROR] WebSocket connection to 'ws://localhost:3100/_next/webpack-hmr?id=3_-dpNM4QXmDadphKz14e' failed: Error in connection establishment: net::ERR_CONNECTION_REFUSED @ http://localhost:3100/_next/static/chunks/node_modules_next_dist_client_0r5nbpw._.js:13422
[   81380ms] [ERROR] WebSocket connection to 'ws://localhost:3100/_next/webpack-hmr?id=3_-dpNM4QXmDadphKz14e' failed: Error in connection establishment: net::ERR_CONNECTION_REFUSED @ http://localhost:3100/_next/static/chunks/node_modules_next_dist_client_0r5nbpw._.js:13422
[   82382ms] [ERROR] WebSocket connection to 'ws://localhost:3100/_next/webpack-hmr?id=3_-dpNM4QXmDadphKz14e' failed: Error in connection establishment: net::ERR_CONNECTION_REFUSED @ http://localhost:3100/_next/static/chunks/node_modules_next_dist_client_0r5nbpw._.js:13422
[   83386ms] [ERROR] WebSocket connection to 'ws://localhost:3100/_next/webpack-hmr?id=3_-dpNM4QXmDadphKz14e' failed: Error in connection establishment: net::ERR_CONNECTION_REFUSED @ http://localhost:3100/_next/static/chunks/node_modules_next_dist_client_0r5nbpw._.js:13422
[   88391ms] [ERROR] WebSocket connection to 'ws://localhost:3100/_next/webpack-hmr?id=3_-dpNM4QXmDadphKz14e' failed: Error in connection establishment: net::ERR_CONNECTION_REFUSED @ http://localhost:3100/_next/static/chunks/node_modules_next_dist_client_0r5nbpw._.js:13422
[   93392ms] [ERROR] WebSocket connection to 'ws://localhost:3100/_next/webpack-hmr?id=3_-dpNM4QXmDadphKz14e' failed: Error in connection establishment: net::ERR_CONNECTION_REFUSED @ http://localhost:3100/_next/static/chunks/node_modules_next_dist_client_0r5nbpw._.js:13422
[   98396ms] [ERROR] WebSocket connection to 'ws://localhost:3100/_next/webpack-hmr?id=3_-dpNM4QXmDadphKz14e' failed: Error in connection establishment: net::ERR_CONNECTION_REFUSED @ http://localhost:3100/_next/static/chunks/node_modules_next_dist_client_0r5nbpw._.js:13422
[  103399ms] [ERROR] WebSocket connection to 'ws://localhost:3100/_next/webpack-hmr?id=3_-dpNM4QXmDadphKz14e' failed: Error in connection establishment: net::ERR_CONNECTION_REFUSED @ http://localhost:3100/_next/static/chunks/node_modules_next_dist_client_0r5nbpw._.js:13422
[  108403ms] [ERROR] WebSocket connection to 'ws://localhost:3100/_next/webpack-hmr?id=3_-dpNM4QXmDadphKz14e' failed: Error in connection establishment: net::ERR_CONNECTION_REFUSED @ http://localhost:3100/_next/static/chunks/node_modules_next_dist_client_0r5nbpw._.js:13422
[  113406ms] [ERROR] WebSocket connection to 'ws://localhost:3100/_next/webpack-hmr?id=3_-dpNM4QXmDadphKz14e' failed: Error in connection establishment: net::ERR_CONNECTION_REFUSED @ http://localhost:3100/_next/static/chunks/node_modules_next_dist_client_0r5nbpw._.js:13422
[  118409ms] [ERROR] WebSocket connection to 'ws://localhost:3100/_next/webpack-hmr?id=3_-dpNM4QXmDadphKz14e' failed: Error in connection establishment: net::ERR_CONNECTION_REFUSED @ http://localhost:3100/_next/static/chunks/node_modules_next_dist_client_0r5nbpw._.js:13422
