[     326ms] [INFO] %cDownload the React DevTools for a better development experience: https://react.dev/link/react-devtools font-weight:bold @ http://localhost:3000/_next/static/chunks/node_modules_next_dist_1ybzpk2._.js:2477
[     374ms] [LOG] [HMR] connected @ http://localhost:3000/_next/static/chunks/node_modules_next_dist_1ybzpk2._.js:2477
[     549ms] [WARNING] Image with src "http://localhost:3000/icons/flag_vn.svg" has either width or height modified, but not the other. If you use CSS to change the size of your image, also include the styles 'width: "auto"' or 'height: "auto"' to maintain the aspect ratio. @ http://localhost:3000/_next/static/chunks/node_modules_next_dist_1ybzpk2._.js:2477
[     583ms] [LOG] [Fast Refresh] rebuilding @ http://localhost:3000/_next/static/chunks/node_modules_next_dist_1ybzpk2._.js:2477
[     607ms] [LOG] [Fast Refresh] done in 125ms @ http://localhost:3000/_next/static/chunks/node_modules_next_dist_1ybzpk2._.js:2477
[  140515ms] [LOG] [Fast Refresh] rebuilding @ http://localhost:3000/_next/static/chunks/node_modules_next_dist_1ybzpk2._.js:2477
[  140570ms] [LOG] [Fast Refresh] done in 155ms @ http://localhost:3000/_next/static/chunks/node_modules_next_dist_1ybzpk2._.js:2477
[  402372ms] [WARNING] The resource http://localhost:3000/_next/static/media/221faba0970ae6e0-s.p.3skrc41owg6lo.woff2 was preloaded using link preload but not used within a few seconds from the window's load event. Please make sure it has an appropriate `as` value and it is preloaded intentionally. @ http://localhost:3000/sun-kudos:0
[  402372ms] [WARNING] The resource http://localhost:3000/_next/static/media/e8f2fbee2754df70-s.p.1dqa_6e_ad4sj.woff2 was preloaded using link preload but not used within a few seconds from the window's load event. Please make sure it has an appropriate `as` value and it is preloaded intentionally. @ http://localhost:3000/sun-kudos:0
[  402372ms] [WARNING] The resource http://localhost:3000/_next/static/media/caa3a2e1cccd8315-s.p.0wgildi0cnwt9.woff2 was preloaded using link preload but not used within a few seconds from the window's load event. Please make sure it has an appropriate `as` value and it is preloaded intentionally. @ http://localhost:3000/sun-kudos:0
[  402372ms] [WARNING] The resource http://localhost:3000/_next/static/media/2b402d8aebffd579-s.p.16nfeub7ja6ze.woff2 was preloaded using link preload but not used within a few seconds from the window's load event. Please make sure it has an appropriate `as` value and it is preloaded intentionally. @ http://localhost:3000/sun-kudos:0
[  402372ms] [WARNING] The resource http://localhost:3000/_next/static/media/5580d1579f4df088-s.p.3-vo-bjdpjbt3.woff2 was preloaded using link preload but not used within a few seconds from the window's load event. Please make sure it has an appropriate `as` value and it is preloaded intentionally. @ http://localhost:3000/sun-kudos:0
[  402372ms] [WARNING] The resource http://localhost:3000/_next/static/media/b66541dc5358997a-s.p.4599e2l3m1e_q.woff2 was preloaded using link preload but not used within a few seconds from the window's load event. Please make sure it has an appropriate `as` value and it is preloaded intentionally. @ http://localhost:3000/sun-kudos:0
[  402372ms] [WARNING] The resource http://localhost:3000/_next/static/media/797e433ab948586e-s.p.0r6juujl39pe6.woff2 was preloaded using link preload but not used within a few seconds from the window's load event. Please make sure it has an appropriate `as` value and it is preloaded intentionally. @ http://localhost:3000/sun-kudos:0
[  430988ms] [WARNING] Blocked aria-hidden on an element because its descendant retained focus. The focus must not be hidden from assistive technology users. Avoid using aria-hidden on a focused element or its ancestor. Consider using the inert attribute instead, which will also prevent focus. For more details, see the aria-hidden section of the WAI-ARIA specification at https://w3c.github.io/aria/#aria-hidden.
Element with focus: <button.flex items-center gap-2 rounded border border-[#998C5F] bg-[#FFEA9E]/10 px-10 py-4 text-lg font-bold text-[#00101A] hover:bg-[#FFEA9E]/20>
Ancestor with aria-hidden: <div.fixed inset-0 z-[60] flex items-center justify-center p-4 pointer-events-none> @ http://localhost:3000/sun-kudos:0
[  437020ms] [WARNING] The resource http://localhost:3000/_next/static/media/221faba0970ae6e0-s.p.3skrc41owg6lo.woff2 was preloaded using link preload but not used within a few seconds from the window's load event. Please make sure it has an appropriate `as` value and it is preloaded intentionally. @ http://localhost:3000/sun-kudos:0
[  437020ms] [WARNING] The resource http://localhost:3000/_next/static/media/e8f2fbee2754df70-s.p.1dqa_6e_ad4sj.woff2 was preloaded using link preload but not used within a few seconds from the window's load event. Please make sure it has an appropriate `as` value and it is preloaded intentionally. @ http://localhost:3000/sun-kudos:0
[  437020ms] [WARNING] The resource http://localhost:3000/_next/static/media/caa3a2e1cccd8315-s.p.0wgildi0cnwt9.woff2 was preloaded using link preload but not used within a few seconds from the window's load event. Please make sure it has an appropriate `as` value and it is preloaded intentionally. @ http://localhost:3000/sun-kudos:0
[  437020ms] [WARNING] The resource http://localhost:3000/_next/static/media/2b402d8aebffd579-s.p.16nfeub7ja6ze.woff2 was preloaded using link preload but not used within a few seconds from the window's load event. Please make sure it has an appropriate `as` value and it is preloaded intentionally. @ http://localhost:3000/sun-kudos:0
[  437020ms] [WARNING] The resource http://localhost:3000/_next/static/media/5580d1579f4df088-s.p.3-vo-bjdpjbt3.woff2 was preloaded using link preload but not used within a few seconds from the window's load event. Please make sure it has an appropriate `as` value and it is preloaded intentionally. @ http://localhost:3000/sun-kudos:0
[  437020ms] [WARNING] The resource http://localhost:3000/_next/static/media/b66541dc5358997a-s.p.4599e2l3m1e_q.woff2 was preloaded using link preload but not used within a few seconds from the window's load event. Please make sure it has an appropriate `as` value and it is preloaded intentionally. @ http://localhost:3000/sun-kudos:0
[  437020ms] [WARNING] The resource http://localhost:3000/_next/static/media/797e433ab948586e-s.p.0r6juujl39pe6.woff2 was preloaded using link preload but not used within a few seconds from the window's load event. Please make sure it has an appropriate `as` value and it is preloaded intentionally. @ http://localhost:3000/sun-kudos:0
[  441376ms] [WARNING] The resource http://localhost:3000/_next/static/media/221faba0970ae6e0-s.p.3skrc41owg6lo.woff2 was preloaded using link preload but not used within a few seconds from the window's load event. Please make sure it has an appropriate `as` value and it is preloaded intentionally. @ http://localhost:3000/sun-kudos:0
[  441376ms] [WARNING] The resource http://localhost:3000/_next/static/media/e8f2fbee2754df70-s.p.1dqa_6e_ad4sj.woff2 was preloaded using link preload but not used within a few seconds from the window's load event. Please make sure it has an appropriate `as` value and it is preloaded intentionally. @ http://localhost:3000/sun-kudos:0
[  441376ms] [WARNING] The resource http://localhost:3000/_next/static/media/caa3a2e1cccd8315-s.p.0wgildi0cnwt9.woff2 was preloaded using link preload but not used within a few seconds from the window's load event. Please make sure it has an appropriate `as` value and it is preloaded intentionally. @ http://localhost:3000/sun-kudos:0
[  441376ms] [WARNING] The resource http://localhost:3000/_next/static/media/2b402d8aebffd579-s.p.16nfeub7ja6ze.woff2 was preloaded using link preload but not used within a few seconds from the window's load event. Please make sure it has an appropriate `as` value and it is preloaded intentionally. @ http://localhost:3000/sun-kudos:0
[  441376ms] [WARNING] The resource http://localhost:3000/_next/static/media/5580d1579f4df088-s.p.3-vo-bjdpjbt3.woff2 was preloaded using link preload but not used within a few seconds from the window's load event. Please make sure it has an appropriate `as` value and it is preloaded intentionally. @ http://localhost:3000/sun-kudos:0
[  441376ms] [WARNING] The resource http://localhost:3000/_next/static/media/b66541dc5358997a-s.p.4599e2l3m1e_q.woff2 was preloaded using link preload but not used within a few seconds from the window's load event. Please make sure it has an appropriate `as` value and it is preloaded intentionally. @ http://localhost:3000/sun-kudos:0
[  441376ms] [WARNING] The resource http://localhost:3000/_next/static/media/797e433ab948586e-s.p.0r6juujl39pe6.woff2 was preloaded using link preload but not used within a few seconds from the window's load event. Please make sure it has an appropriate `as` value and it is preloaded intentionally. @ http://localhost:3000/sun-kudos:0
[  444702ms] [WARNING] The resource http://localhost:3000/_next/static/media/221faba0970ae6e0-s.p.3skrc41owg6lo.woff2 was preloaded using link preload but not used within a few seconds from the window's load event. Please make sure it has an appropriate `as` value and it is preloaded intentionally. @ http://localhost:3000/sun-kudos:0
[  444702ms] [WARNING] The resource http://localhost:3000/_next/static/media/e8f2fbee2754df70-s.p.1dqa_6e_ad4sj.woff2 was preloaded using link preload but not used within a few seconds from the window's load event. Please make sure it has an appropriate `as` value and it is preloaded intentionally. @ http://localhost:3000/sun-kudos:0
[  444702ms] [WARNING] The resource http://localhost:3000/_next/static/media/caa3a2e1cccd8315-s.p.0wgildi0cnwt9.woff2 was preloaded using link preload but not used within a few seconds from the window's load event. Please make sure it has an appropriate `as` value and it is preloaded intentionally. @ http://localhost:3000/sun-kudos:0
[  444702ms] [WARNING] The resource http://localhost:3000/_next/static/media/2b402d8aebffd579-s.p.16nfeub7ja6ze.woff2 was preloaded using link preload but not used within a few seconds from the window's load event. Please make sure it has an appropriate `as` value and it is preloaded intentionally. @ http://localhost:3000/sun-kudos:0
[  444702ms] [WARNING] The resource http://localhost:3000/_next/static/media/5580d1579f4df088-s.p.3-vo-bjdpjbt3.woff2 was preloaded using link preload but not used within a few seconds from the window's load event. Please make sure it has an appropriate `as` value and it is preloaded intentionally. @ http://localhost:3000/sun-kudos:0
[  444702ms] [WARNING] The resource http://localhost:3000/_next/static/media/b66541dc5358997a-s.p.4599e2l3m1e_q.woff2 was preloaded using link preload but not used within a few seconds from the window's load event. Please make sure it has an appropriate `as` value and it is preloaded intentionally. @ http://localhost:3000/sun-kudos:0
[  444702ms] [WARNING] The resource http://localhost:3000/_next/static/media/797e433ab948586e-s.p.0r6juujl39pe6.woff2 was preloaded using link preload but not used within a few seconds from the window's load event. Please make sure it has an appropriate `as` value and it is preloaded intentionally. @ http://localhost:3000/sun-kudos:0
[  899020ms] [INFO] %cDownload the React DevTools for a better development experience: https://react.dev/link/react-devtools font-weight:bold @ http://localhost:3000/_next/static/chunks/node_modules_next_dist_1ybzpk2._.js:2477
[  899041ms] [LOG] [HMR] connected @ http://localhost:3000/_next/static/chunks/node_modules_next_dist_1ybzpk2._.js:2477
[  899171ms] [WARNING] Image with src "http://localhost:3000/icons/flag_vn.svg" has either width or height modified, but not the other. If you use CSS to change the size of your image, also include the styles 'width: "auto"' or 'height: "auto"' to maintain the aspect ratio. @ http://localhost:3000/_next/static/chunks/node_modules_next_dist_1ybzpk2._.js:2477
